// Vitest Snapshot v1, https://vitest.dev/guide/snapshot.html

exports[`AddressName > matches snapshot 1`] = `
<div
  className="mt-1 ps-4"
  data-testid="AddressName-1"
>
  <h4>
    Jilly
  </h4>
</div>
`;
