// Vitest Snapshot v1, https://vitest.dev/guide/snapshot.html

exports[`ChartCard > matches snapshot 1`] = `
<DocumentFragment>
  <div
    class="container mt-5 p-4 border-black rounded card-custom"
    data-testid="ChartCard-1"
  >
    <div
      class="text-center"
    >
      <h5>
        Balance History
      </h5>
    </div>
    <hr />
    <div
      class="recharts-responsive-container"
      style="width: 100%; height: 550px; min-width: 0;"
    />
  </div>
</DocumentFragment>
`;
