// Jest Snapshot v1, https://goo.gl/fbAQLP

exports[`matches snapshot 1`] = `
<div>
  <button
    className="btn btn-outline-dark"
    data-testid="SignOutBtn-1"
  >
    Sign Out
  </button>
</div>
`;
